{"action":"INITIATE_TRANSFER","userId":"f1000000-0000-0000-0000-000000000002","propId":"f6000000-0000-0000-0000-000000000002","metadata":{"transfer_id":"ba5b7e4b-cbba-423c-b5c1-2f72f539b7f0"},"timestamp":"2026-04-21T17:03:58.807Z"}
{"action":"NOTARY_APPROVE","userId":"f3000000-0000-0000-0000-000000000001","propId":"f6000000-0000-0000-0000-000000000002","metadata":{"transfer_id":"ba5b7e4b-cbba-423c-b5c1-2f72f539b7f0"},"timestamp":"2026-04-21T17:05:07.126Z"}
{"action":"OFFICER_APPROVE","userId":"f2000000-0000-0000-0000-000000000001","propId":"f6000000-0000-0000-0000-000000000002","metadata":{"transfer_id":"ba5b7e4b-cbba-423c-b5c1-2f72f539b7f0","deed":"FINAL-REG-123688"},"timestamp":"2026-04-21T17:06:30.434Z"}
{"action":"INITIATE_TRANSFER","userId":"f1000000-0000-0000-0000-000000000002","propId":"a67d5ab5-e85f-45dd-b422-fb0db0f286e6","metadata":{"transfer_id":"e59453aa-ec1e-4b43-91e7-754582f1d52c"},"timestamp":"2026-04-21T17:28:16.782Z"}
{"action":"NOTARY_APPROVE","userId":"f3000000-0000-0000-0000-000000000001","propId":"a67d5ab5-e85f-45dd-b422-fb0db0f286e6","metadata":{"transfer_id":"e59453aa-ec1e-4b43-91e7-754582f1d52c"},"timestamp":"2026-04-21T17:28:47.908Z"}
{"action":"OFFICER_APPROVE","userId":"f2000000-0000-0000-0000-000000000001","propId":"a67d5ab5-e85f-45dd-b422-fb0db0f286e6","metadata":{"transfer_id":"e59453aa-ec1e-4b43-91e7-754582f1d52c","deed":"FINAL-REG-906882"},"timestamp":"2026-04-21T17:29:31.170Z"}
{"action":"INITIATE_TRANSFER","userId":"f1000000-0000-0000-0000-000000000001","propId":"11fa7cf7-9e57-424c-9fea-edb106386fea","metadata":{"transfer_id":"a1d0d71d-0bbe-4fbc-85ec-0dbccfac137c"},"timestamp":"2026-04-22T04:02:01.435Z"}
{"action":"NOTARY_APPROVE","userId":"f3000000-0000-0000-0000-000000000001","propId":"11fa7cf7-9e57-424c-9fea-edb106386fea","metadata":{"transfer_id":"a1d0d71d-0bbe-4fbc-85ec-0dbccfac137c"},"timestamp":"2026-04-22T04:02:46.328Z"}
{"action":"OFFICER_APPROVE","userId":"f2000000-0000-0000-0000-000000000001","propId":"11fa7cf7-9e57-424c-9fea-edb106386fea","metadata":{"transfer_id":"a1d0d71d-0bbe-4fbc-85ec-0dbccfac137c","deed":"FINAL-REG-587265"},"timestamp":"2026-04-22T04:03:41.677Z"}
{"action":"INITIATE_TRANSFER","userId":"f1000000-0000-0000-0000-000000000001","propId":"a67d5ab5-e85f-45dd-b422-fb0db0f286e6","metadata":{"transfer_id":"0809e9d6-abc5-4196-adf9-271acaad1697"},"timestamp":"2026-04-22T11:16:19.020Z"}
{"action":"NOTARY_APPROVE","userId":"f3000000-0000-0000-0000-000000000001","propId":"a67d5ab5-e85f-45dd-b422-fb0db0f286e6","metadata":{"transfer_id":"0809e9d6-abc5-4196-adf9-271acaad1697"},"timestamp":"2026-04-22T11:17:10.401Z"}
{"action":"TRANSFER_REJECT","userId":"f2000000-0000-0000-0000-000000000001","propId":"a67d5ab5-e85f-45dd-b422-fb0db0f286e6","metadata":{"transfer_id":"0809e9d6-abc5-4196-adf9-271acaad1697"},"timestamp":"2026-04-22T11:18:04.881Z"}
{"action":"INITIATE_TRANSFER","userId":"f1000000-0000-0000-0000-000000000001","propId":"3cb63225-7099-4c9f-9e80-475c2e35dac4","metadata":{"transfer_id":"7b1b83e0-f3ca-4119-ac36-29ed97ce88f7"},"timestamp":"2026-04-22T11:23:57.131Z"}
{"action":"NOTARY_APPROVE","userId":"f3000000-0000-0000-0000-000000000001","propId":"3cb63225-7099-4c9f-9e80-475c2e35dac4","metadata":{"transfer_id":"7b1b83e0-f3ca-4119-ac36-29ed97ce88f7"},"timestamp":"2026-04-22T11:24:59.841Z"}
{"action":"OFFICER_APPROVE","userId":"f2000000-0000-0000-0000-000000000001","propId":"3cb63225-7099-4c9f-9e80-475c2e35dac4","metadata":{"transfer_id":"7b1b83e0-f3ca-4119-ac36-29ed97ce88f7","deed":"FINAL-REG-647586"},"timestamp":"2026-04-22T11:26:07.876Z"}
{"action":"INITIATE_TRANSFER","userId":"f1000000-0000-0000-0000-000000000001","propId":"885ad637-d627-4719-b3c6-b88d6c113577","metadata":{"transfer_id":"45687966-7f88-49cb-9b09-475704724368"},"timestamp":"2026-04-22T11:42:04.638Z"}
{"action":"INITIATE_TRANSFER","userId":"f1000000-0000-0000-0000-000000000001","propId":"26637d54-f589-498a-8f94-c4767734c30f","metadata":{"transfer_id":"e4a5a16e-a812-4366-89a3-4b792d7a7422"},"timestamp":"2026-04-22T11:50:48.630Z"}
{"action":"NOTARY_APPROVE","userId":"f3000000-0000-0000-0000-000000000001","propId":"26637d54-f589-498a-8f94-c4767734c30f","metadata":{"transfer_id":"e4a5a16e-a812-4366-89a3-4b792d7a7422"},"timestamp":"2026-04-22T11:51:59.419Z"}
{"action":"TRANSFER_REJECT","userId":"f3000000-0000-0000-0000-000000000001","propId":"885ad637-d627-4719-b3c6-b88d6c113577","metadata":{"transfer_id":"45687966-7f88-49cb-9b09-475704724368"},"timestamp":"2026-04-22T11:52:02.837Z"}
{"action":"OFFICER_APPROVE","userId":"f2000000-0000-0000-0000-000000000001","propId":"26637d54-f589-498a-8f94-c4767734c30f","metadata":{"transfer_id":"e4a5a16e-a812-4366-89a3-4b792d7a7422","deed":"FINAL-REG-550287"},"timestamp":"2026-04-22T11:53:33.358Z"}
{"action":"INITIATE_TRANSFER","userId":"f1000000-0000-0000-0000-000000000002","propId":"3cb63225-7099-4c9f-9e80-475c2e35dac4","metadata":{"transfer_id":"35a98956-c16f-4df7-814c-a932b9f7cc15"},"error":"column \"affected_property_id\" of relation \"audit_logs\" does not exist","timestamp":"2026-05-06T10:44:34.589Z"}
{"action":"NOTARY_APPROVE","userId":"f3000000-0000-0000-0000-000000000001","propId":"3cb63225-7099-4c9f-9e80-475c2e35dac4","metadata":{"transfer_id":"35a98956-c16f-4df7-814c-a932b9f7cc15"},"error":"column \"affected_property_id\" of relation \"audit_logs\" does not exist","timestamp":"2026-05-06T10:45:09.587Z"}
{"action":"OFFICER_APPROVE","userId":"f2000000-0000-0000-0000-000000000001","propId":"3cb63225-7099-4c9f-9e80-475c2e35dac4","metadata":{"transfer_id":"35a98956-c16f-4df7-814c-a932b9f7cc15","deed":"FINAL-REG-469919"},"error":"column \"affected_property_id\" of relation \"audit_logs\" does not exist","timestamp":"2026-05-06T10:46:08.747Z"}
{"action":"ASSET_TRANSFER_RECOVERED","userId":"system","propId":"f0b6746e-ae56-4e74-b347-de1ba265c611","metadata":{"transfer_id":"974232a6-9df4-43a0-8a8f-fbf6bc86149b"},"error":"invalid input syntax for type uuid: \"system\"","timestamp":"2026-05-10T06:23:59.499Z"}
{"action":"ASSET_TRANSFER_RECOVERED","userId":"system","propId":"f0b6746e-ae56-4e74-b347-de1ba265c611","metadata":{"transfer_id":"974232a6-9df4-43a0-8a8f-fbf6bc86149b"},"error":"invalid input syntax for type uuid: \"system\"","timestamp":"2026-05-10T06:24:36.248Z"}
{"action":null,"userId":{"user_id":"f3000000-0000-0000-0000-000000000001","action":"PROPERTY_NOTARY_APPROVE","property_id":"8eec085e-6c83-4a4d-9e18-4a5b3cb66cc1"},"metadata":{},"error":"invalid input syntax for type uuid: \"{\"user_id\":\"f3000000-0000-0000-0000-000000000001\",\"action\":\"PROPERTY_NOTARY_APPROVE\",\"property_id\":\"8eec085e-6c83-4a4d-9e18-4a5b3cb66cc1\"}\"","timestamp":"2026-05-13T11:49:40.099Z"}
{"action":"PROPERTY_NOTARY_APPROVE","userId":"e6e15cae-7d75-42a4-a097-8cec2b584ea9","propId":"1e0db023-a5ad-4819-8102-477fce768002","metadata":{},"error":"timeout exceeded when trying to connect","timestamp":"2026-06-03T11:44:23.449Z"}

